// Jest Snapshot v1, https://goo.gl/fbAQLP

exports[`Button renders correctly 1`] = `
<button
  class="button is-block is-large is-fullwidth is-success"
>
  Add to market
</button>
`;
