// Jest Snapshot v1, https://goo.gl/fbAQLP

exports[`Hero renders correctly 1`] = `
<section
  class="hero is-primary"
>
  <div
    class="hero-body"
  >
    <div
      class="container has-text-centered"
    >
      <h1
        class="title"
      >
        Your inventory
      </h1>
    </div>
  </div>
</section>
`;
