// Jest Snapshot v1, https://goo.gl/fbAQLP

exports[`snapshort of button 1`] = `
<button
  class="button is-block is-danger is-large is-fullwidth"
>
  Remove from market
</button>
`;

exports[`snapshort of card 1`] = `
<div
  class="card"
>
  <div
    class="card-image"
  >
    <figure
      class="image is-4by3"
    >
      <img
        alt="Placeholder image"
        src="https://bulma.io/images/placeholders/1280x960.png"
      />
    </figure>
  </div>
  <div
    class="card-content"
  >
    id: 
    1
    <br />
    Name: 
    summer dress
    <br />
    Category: 
    dresses
    <br />
    Description: 
    light
    <br />
    <time
      datetime="2016-1-1"
    >
      On market from: 
      2019-05-15T05:21:56.000Z
    </time>
  </div>
  <button
    class="button is-block is-danger is-large is-fullwidth"
  >
    Remove from market
  </button>
</div>
`;
